
running 1 test
test r09_resubmission_is_idempotent_and_bounded ... FAILED

failures:

---- r09_resubmission_is_idempotent_and_bounded stdout ----

thread 'r09_resubmission_is_idempotent_and_bounded' (3460978) panicked at crates/nexus-verifier-sandbox/tests/phase2_custody_store.rs:5322:17:
fixture: the sink panics after storing
note: run with `RUST_BACKTRACE=1` environment variable to display a backtrace

thread 'r09_resubmission_is_idempotent_and_bounded' (3460978) panicked at crates/nexus-verifier-sandbox/tests/phase2_custody_store.rs:5368:5:
assertion `left == right` failed: [dup-bounded] one retained copy each
  left: 3
 right: 2


failures:
    r09_resubmission_is_idempotent_and_bounded

test result: FAILED. 0 passed; 1 failed; 0 ignored; 0 measured; 77 filtered out; finished in 0.01s

   Compiling nexus-verifier-sandbox v0.1.0 (<checkout>/crates/nexus-verifier-sandbox)
warning: unused variable: `seq`
   --> crates/nexus-verifier-sandbox/tests/support/custody/store/exchange.rs:318:17
    |
318 |             let seq = intent.id.seq();
    |                 ^^^ help: if this is intentional, prefix it with an underscore: `_seq`
    |
    = note: `#[warn(unused_variables)]` (part of `#[warn(unused)]`) on by default

warning: `nexus-verifier-sandbox` (test "phase2_custody_store") generated 1 warning (run `cargo fix --test "phase2_custody_store" -p nexus-verifier-sandbox` to apply 1 suggestion)
    Finished `test` profile [unoptimized + debuginfo] target(s) in 1.49s
     Running tests/phase2_custody_store.rs (target/debug/deps/phase2_custody_store-69b895920c37797c)
error: test failed, to rerun pass `-p nexus-verifier-sandbox --test phase2_custody_store`
