
running 1 test
test x01_composed_recovery_keeps_every_acknowledged_generation ... FAILED

failures:

---- x01_composed_recovery_keeps_every_acknowledged_generation stdout ----

thread 'x01_composed_recovery_keeps_every_acknowledged_generation' (3452839) panicked at crates/nexus-verifier-sandbox/tests/phase2_custody_store.rs:7646:13:
assertion `left == right` failed: [composed-recovery] P-PROV prefix 25, F1, then F2 Ordered(8) Old: the root with history
  left: 0
 right: 1
note: run with `RUST_BACKTRACE=1` environment variable to display a backtrace


failures:
    x01_composed_recovery_keeps_every_acknowledged_generation

test result: FAILED. 0 passed; 1 failed; 0 ignored; 0 measured; 77 filtered out; finished in 0.05s

   Compiling nexus-verifier-sandbox v0.1.0 (<checkout>/crates/nexus-verifier-sandbox)
warning: variable does not need to be mutable
   --> crates/nexus-verifier-sandbox/tests/support/custody/store/maintenance.rs:679:13
    |
679 |         let mut history = false;
    |             ----^^^^^^^
    |             |
    |             help: remove this `mut`
    |
    = note: `#[warn(unused_mut)]` (part of `#[warn(unused)]`) on by default

warning: `nexus-verifier-sandbox` (test "phase2_custody_store") generated 1 warning (run `cargo fix --test "phase2_custody_store" -p nexus-verifier-sandbox` to apply 1 suggestion)
    Finished `test` profile [unoptimized + debuginfo] target(s) in 2.02s
     Running tests/phase2_custody_store.rs (target/debug/deps/phase2_custody_store-69b895920c37797c)
error: test failed, to rerun pass `-p nexus-verifier-sandbox --test phase2_custody_store`
