P2-V1-R3B-I4-R3: the first compatibility run, per runner: each intended test's unmutated baseline (from its log) and each control that ran before the runner stopped (from its JSON line).

== i4r1-scope-controls
  baseline execution::tests::i4_04_a_property_timeout_after_placement_never_launches_and_keeps_the_candidate: ok, 1 passed, 0 failed
  baseline execution::tests::i4_06_a_failed_stop_of_a_unit_the_helper_never_entered_retains_the_operation: ok, 0 passed, 0 failed
  baseline execution::tests::i4_07_a_delivered_stop_reply_with_the_scope_still_populated_confirms_nothing: ok, 0 passed, 0 failed
  baseline execution::tests::i4_09_a_timed_out_stop_whose_target_remains_retains_the_operation: ok, 0 passed, 0 failed
  baseline execution::tests::i4_10_an_uncertain_query_after_the_candidate_keeps_its_descriptor: ok, 1 passed, 0 failed
  baseline execution::tests::i4_11_manager_absence_with_the_helper_in_the_candidate_is_refused_and_retained: ok, 1 passed, 0 failed
  baseline execution::tests::i4_15_a_membership_mismatch_never_launches: ok, 1 passed, 0 failed
  baseline execution::tests::i4_16_a_pending_operation_is_never_proven_by_its_unit_name: ok, 1 passed, 0 failed
  baseline execution::tests::i4_18_no_launch_message_reaches_the_helper_before_the_scope_is_proven: ok, 1 passed, 0 failed
  baseline execution::tests::i4_20_finalization_settles_a_pending_operation: ok, 1 passed, 0 failed
  baseline execution::tests::i4_21_an_unconfirmed_operation_is_a_cleanup_failure_never_an_unavailable_sandbox: ok, 1 passed, 0 failed
  baseline execution::tests::i4_23_a_retained_boundary_is_retried_without_the_scope_manager: ok, 1 passed, 0 failed
  baseline execution::tests::i4_24_dropping_an_unresolved_operation_is_best_effort_and_confirms_nothing: ok, 1 passed, 0 failed
  baseline execution::tests::i4_25_a_panic_after_the_start_request_keeps_its_owner: ok, 1 passed, 0 failed
  baseline execution::tests::i4_30_no_cgroup_of_the_unit_s_name_is_ever_taken_by_its_path: ok, 1 passed, 0 failed
  baseline execution::tests::i4_30_the_helper_s_death_is_never_the_operation_s_cleanup: ok, 1 passed, 0 failed
  baseline execution::tests::i4r1_01_a_panic_after_an_uncertain_start_without_a_candidate_keeps_its_owner: ok, 1 passed, 0 failed
  baseline execution::tests::i4r1_02_a_direct_placement_failure_returns_one_owner_of_the_operation_and_its_helper: ok, 1 passed, 0 failed
  baseline execution::tests::i4r1_06_a_cgroup_of_the_unit_s_name_in_another_place_is_never_proven: ok, 1 passed, 0 failed
  baseline execution::tests::i4r1_07_a_control_group_that_is_not_exactly_the_kernel_s_is_refused: ok, 1 passed, 0 failed
  baseline execution::tests::i4r1_08_an_unavailable_or_uncertain_control_group_is_refused: ok, 1 passed, 0 failed
  baseline execution::tests::i4r1_09_a_unit_id_that_is_not_exactly_the_generated_name_is_refused: ok, 1 passed, 0 failed
  baseline execution::tests::i4r1_10_the_exact_binding_of_the_manager_s_unit_to_the_kernel_s_cgroup_proves: ok, 1 passed, 0 failed
  baseline execution::tests::i4r1_11_an_uncertain_start_without_a_candidate_is_not_released_by_no_such_unit: ok, 1 passed, 0 failed
  baseline execution::tests::i4r1_13_an_uncertain_start_without_a_candidate_is_not_released_by_a_timed_out_stop: ok, 0 passed, 0 failed
  baseline execution::tests::i4r1_16_a_collision_is_never_proven_by_the_foreign_cgroup_s_name: ok, 1 passed, 0 failed
  baseline execution::tests::i4r1_20_helper_identities_are_refused_instead_of_wrapping: ok, 1 passed, 0 failed
  baseline execution::tests::i4r1_21_no_helper_is_spawned_once_identities_are_exhausted: ok, 1 passed, 0 failed
  baseline execution::tests::i4r1_x_a_membership_path_not_in_normal_form_never_locates_a_candidate: ok, 1 passed, 0 failed
  baseline execution::tests::i4r2_05_only_a_recorded_start_reply_authorizes_a_stop_by_name: ok, 0 passed, 0 failed
  baseline scope::tests::i4_03_a_start_with_effect_whose_reply_is_lost_is_discovered_and_proven: ok, 1 passed, 0 failed
  baseline scope::tests::i4_a_pending_operation_is_bound_to_its_own_helper: ok, 1 passed, 0 failed
  baseline scope::tests::i4r1_04_a_normal_build_constructs_a_manager_only_by_connect: ok, 1 passed, 0 failed
  baseline scope::tests::i4r1_x_a_normal_build_starts_a_scope_only_within_run: ok, 1 passed, 0 failed
  control NC-I4-START-TIMEOUT-ABSENT: ok=True compiled=True failed_intended_test=True marker_in_assertion=True files_restored=True
  control NC-I4-START-LOST-OWNER: ok=True compiled=True failed_intended_test=True marker_in_assertion=True files_restored=True
  control NC-I4-START-NAME-AUTH: ok=True compiled=True failed_intended_test=True marker_in_assertion=True files_restored=True
  control NC-I4-LAUNCH-PENDING: ok=True compiled=True failed_intended_test=True marker_in_assertion=True files_restored=True
  control NC-I4-NO-EARLY-DIR: ok=True compiled=True failed_intended_test=True marker_in_assertion=True files_restored=True
  control NC-I4-PROPERTY-ERROR-DROPS: ok=True compiled=True failed_intended_test=True marker_in_assertion=True files_restored=True
  last line: NC-I4-STOP-OK-CONFIRMS: anchor occurs 0 times in crates/nexus-verifier-sandbox/src/scope/pending.rs: '        self.last_stop = Some(controller.manager.stop_unit(&self.unit));\n'

== r2
  baseline execution::tests::i4r2_01_a_lost_collision_reply_never_stops_the_foreign_unit: ok, 1 passed, 0 failed
  baseline execution::tests::i4r2_02_an_uncertain_start_that_did_nothing_is_never_stopped_by_name: ok, 1 passed, 0 failed
  baseline execution::tests::i4r2_04_an_uncertain_start_s_candidate_is_ended_by_descriptor_never_by_name: ok, 1 passed, 0 failed
  baseline execution::tests::i4r2_05_only_a_recorded_start_reply_authorizes_a_stop_by_name: ok, 0 passed, 0 failed
  baseline scope::tests::i4r2_x_only_a_recorded_start_reply_authorizes_a_stop_by_name: ok, 0 passed, 0 failed
  last line: NC-R2-01-UNCONDITIONAL-STOP: anchor occurs 0 times in crates/nexus-verifier-sandbox/src/scope/pending.rs: '        if !self.stop_authorized() {\n            return self.observe(&controller'

== q1r1
  baseline execution::tests::i4r2_05_only_a_recorded_start_reply_authorizes_a_stop_by_name: ok, 0 passed, 0 failed
  baseline phase2_tests::p2_g_11_the_host_qualification_owns_no_native_effect_by_a_unit_name: ok, 1 passed, 0 failed
  baseline scope::tests::i4q1r1_connect_derives_the_bus_from_the_real_uid_alone: ok, 1 passed, 0 failed
  baseline scope::tests::i4q1r1_nc1_a_first_start_refused_as_loaded_ends_only_the_harness_s_helper: ok, 1 passed, 0 failed
  baseline scope::tests::i4q1r1_nc2_an_uncertain_first_start_keeps_its_helper_unreaped_and_unconfirmed: ok, 1 passed, 0 failed
  baseline scope::tests::i4q1r1_nc3_a_panic_after_the_first_start_is_dispatched_keeps_one_owner: ok, 1 passed, 0 failed
  baseline scope::tests::i4q1r1_nc4_a_proven_first_start_is_released_by_its_owner_and_observed: ok, 1 passed, 0 failed
  control Q1-R1-NC1-FOREIGN-STOPPED: ok=False compiled=False failed_intended_test=False marker_in_assertion=False files_restored=True
  control Q1-R1-NC1-FOREIGN-KILLED: ok=True compiled=True failed_intended_test=True marker_in_assertion=True files_restored=True
  control Q1-R1-NC1-H6-UNPROVEN-UNIT: ok=True compiled=True failed_intended_test=True marker_in_assertion=True files_restored=True
  control Q1-R1-NC2-UNRESOLVED-REAPED: ok=True compiled=True failed_intended_test=True marker_in_assertion=True files_restored=True
  last line: Q1-R1-NC2-STOP-REPLY-PROOF: anchor occurs 0 times in crates/nexus-verifier-sandbox/src/scope/pending.rs: '        self.last_stop = Some(controller.manager.stop_unit(&self.unit));\n       '
